./test/p_load_test3.R:cowplot
./test/p_load_test3.R:ggpubr
./test/p_load_test3.R:ggthemes
./test/p_load_test3.R:gridExtra
./test/p_load_test3.R:gridGraphics
./test/p_load_test3.R:here
./test/p_load_test3.R:knitr
./test/p_load_test3.R:metafor
./test/p_load_test3.R:pacman
./test/p_load_test3.R:patchwork
./test/p_load_test3.R:statpsych
./test/p_load_test3.R:vcd
